// Jest Snapshot v1, https://goo.gl/fbAQLP

exports[`Order History List item should renders order list item correctly 1`] = `
<div>
  <li
    class="sc-jrcTuL ivrLub"
  >
    <h5
      class="item-title"
      style="font-family: Source Sans Pro; font-weight: 600; font-size: 1rem; line-height: 1.4; letter-spacing: 1px; color: rgb(252, 251, 251);"
    >
      13.01.2023
    </h5>
    <p
      class="price-tag"
      style="font-family: Klepon Ijo; font-size: 3.1500000000000004rem; letter-spacing: 0; color: rgb(235, 133, 62);"
    >
      342$
    </p>
    <p
      class="paragraph"
      style="font-family: Source Sans Pro; font-weight: 400; font-size: 1rem; line-height: 1.6; letter-spacing: 0; color: rgb(252, 251, 251); text-align: left; width: 360px;"
    >
      Lighthouse
    </p>
    <button
      class="sc-bcXHqe sc-gswNZR feNVH gHullA primary-light btn-lg button"
      style="padding: 0.65rem 1.25rem; font-size: 1.05rem;"
    >
      Details
    </button>
  </li>
</div>
`;
