// Jest Snapshot v1, https://goo.gl/fbAQLP

exports[`renders correctly input with label 1`] = `
<div
  className="sc-bcXHqe dHZfIZ"
>
  <label
    style={
      Object {
        "color": "#FCFBFB",
      }
    }
  >
    Name
  </label>
  <input
    name="firstName"
    onChange={[MockFunction]}
    placeholder="Your first name"
    style={
      Object {
        "color": "#151515",
      }
    }
    type="text"
    value="Bernard"
  />
  <p
    className="paragraph"
    style={
      Object {
        "color": "#e74c3c",
        "fontFamily": "Source Sans Pro",
        "fontSize": "1rem",
        "fontWeight": "400",
        "letterSpacing": "0",
        "lineHeight": "1.6",
      }
    }
  />
</div>
`;
