// Jest Snapshot v1, https://goo.gl/fbAQLP

exports[`Order List Item should renders order list item correctly 1`] = `
<li>
  <a
    className=""
    href="/order"
    onClick={[Function]}
    onMouseEnter={[Function]}
    onMouseLeave={[Function]}
  >
    <div
      className="sc-bcXHqe gIzvfo icon-item"
    >
      <img
        height={26}
        src={
          Object {
            "ReactComponent": Object {
              "$$typeof": Symbol(react.forward_ref),
              "render": [Function],
            },
            "__esModule": true,
            "default": "order.svg",
          }
        }
      />
      <h5
        className="item-title"
        style={
          Object {
            "color": "none",
            "fontFamily": "Source Sans Pro",
            "fontSize": "1rem",
            "fontWeight": "600",
            "letterSpacing": "1px",
            "lineHeight": "1.4",
            "textTransform": "uppercase",
          }
        }
      >
        order
      </h5>
    </div>
  </a>
</li>
`;
