// Jest Snapshot v1, https://goo.gl/fbAQLP

exports[`Login content of dialog should renders login component correctly 1`] = `
<form>
  <div
    className="sc-gswNZR tROUR"
  >
    <div
      className="sc-bcXHqe dHZfIZ"
    >
      <label
        style={
          Object {
            "color": "#151515",
          }
        }
      >
        Login
      </label>
      <input
        name="login"
        placeholder="Your login"
        style={
          Object {
            "color": "#151515",
          }
        }
        type="text"
      />
      <p
        className="paragraph"
        style={
          Object {
            "color": "#e74c3c",
            "fontFamily": "Source Sans Pro",
            "fontSize": "1rem",
            "fontWeight": "400",
            "letterSpacing": "0",
            "lineHeight": "1.6",
          }
        }
      />
    </div>
    <div
      className="sc-bcXHqe dHZfIZ"
    >
      <label
        style={
          Object {
            "color": "#151515",
          }
        }
      >
        Password
      </label>
      <input
        name="password"
        placeholder="Password"
        style={
          Object {
            "color": "#151515",
          }
        }
        type="password"
      />
      <p
        className="paragraph"
        style={
          Object {
            "color": "#e74c3c",
            "fontFamily": "Source Sans Pro",
            "fontSize": "1rem",
            "fontWeight": "400",
            "letterSpacing": "0",
            "lineHeight": "1.6",
          }
        }
      />
    </div>
  </div>
</form>
`;
