// Jest Snapshot v1, https://goo.gl/fbAQLP

exports[`Register content of dialog should renders register component correctly 1`] = `
<div>
  <form>
    <div
      class="sc-hLBbgP gbfiCE"
    >
      <div
        class="sc-bcXHqe dHZfIZ"
      >
        <label
          style="color: rgb(21, 21, 21);"
        >
          Login
        </label>
        <input
          name="login"
          placeholder="Your login"
          style="color: rgb(21, 21, 21);"
          type="text"
          value=""
        />
        <p
          class="paragraph"
          style="font-family: Source Sans Pro; font-weight: 400; font-size: 1rem; line-height: 1.6; letter-spacing: 0; color: rgb(231, 76, 60);"
        >
          Minimum 4 letters, at least one capital letter and one number
        </p>
      </div>
      <div
        class="sc-bcXHqe dHZfIZ"
      >
        <label
          style="color: rgb(21, 21, 21);"
        >
          First name
        </label>
        <input
          name="firstName"
          placeholder="Your first name"
          style="color: rgb(21, 21, 21);"
          type="text"
          value=""
        />
        <p
          class="paragraph"
          style="font-family: Source Sans Pro; font-weight: 400; font-size: 1rem; line-height: 1.6; letter-spacing: 0; color: rgb(231, 76, 60);"
        >
          Minimum 3 letters
        </p>
      </div>
      <div
        class="sc-bcXHqe dHZfIZ"
      >
        <label
          style="color: rgb(21, 21, 21);"
        >
          Last name
        </label>
        <input
          name="lastName"
          placeholder="Your last name"
          style="color: rgb(21, 21, 21);"
          type="text"
          value=""
        />
        <p
          class="paragraph"
          style="font-family: Source Sans Pro; font-weight: 400; font-size: 1rem; line-height: 1.6; letter-spacing: 0; color: rgb(231, 76, 60);"
        >
          Minimum 3 letters
        </p>
      </div>
      <div
        class="sc-bcXHqe dHZfIZ"
      >
        <label
          style="color: rgb(21, 21, 21);"
        >
          Email
        </label>
        <input
          name="email"
          placeholder="Your email"
          style="color: rgb(21, 21, 21);"
          type="email"
          value=""
        />
        <p
          class="paragraph"
          style="font-family: Source Sans Pro; font-weight: 400; font-size: 1rem; line-height: 1.6; letter-spacing: 0; color: rgb(231, 76, 60);"
        />
      </div>
      <div
        class="sc-bcXHqe dHZfIZ"
      >
        <label
          style="color: rgb(21, 21, 21);"
        >
          Password
        </label>
        <input
          name="password"
          placeholder="Password"
          style="color: rgb(21, 21, 21);"
          type="password"
          value=""
        />
        <p
          class="paragraph"
          style="font-family: Source Sans Pro; font-weight: 400; font-size: 1rem; line-height: 1.6; letter-spacing: 0; color: rgb(231, 76, 60);"
        >
          At least 8 characters, one capital letter and one number
        </p>
      </div>
    </div>
  </form>
</div>
`;
