// Jest Snapshot v1, https://goo.gl/fbAQLP

exports[`Order List item should renders order list item correctly 1`] = `
<li
  className="sc-csuSiG hBwBHz"
>
  <div
    className="sc-ipEyDJ caIvtJ quantity-button-mobile"
  >
    <button
      className="sc-bcXHqe sc-gswNZR feNVH gHullA primary-light btn-md button"
      onClick={[Function]}
      style={
        Object {
          "border": "none",
          "borderRadius": "0",
          "fontSize": "0.9500000000000001rem",
          "maxHeight": "80px",
          "maxWidth": "80px",
          "padding": "0.5850000000000001rem 1.125rem",
        }
      }
    >
      <img
        height={20}
        src={
          Object {
            "ReactComponent": Object {
              "$$typeof": Symbol(react.forward_ref),
              "render": [Function],
            },
            "__esModule": true,
            "default": "plus.svg",
          }
        }
      />
    </button>
    <input
      className="sc-kDvujY dYXGJW"
      style={
        Object {
          "border": "none",
          "borderRadius": "0",
          "maxHeight": "80px",
          "maxWidth": "80px",
        }
      }
      type="number"
      value={1}
    />
    <button
      className="sc-bcXHqe sc-gswNZR feNVH gHullA primary-light btn-md button"
      onClick={[Function]}
      style={
        Object {
          "border": "none",
          "borderRadius": "0",
          "fontSize": "0.9500000000000001rem",
          "maxHeight": "80px",
          "maxWidth": "80px",
          "padding": "0.5850000000000001rem 1.125rem",
        }
      }
    >
      <img
        height={20}
        src={
          Object {
            "ReactComponent": Object {
              "$$typeof": Symbol(react.forward_ref),
              "render": [Function],
            },
            "__esModule": true,
            "default": "minus.svg",
          }
        }
      />
    </button>
    <button
      className="sc-bcXHqe sc-gswNZR feNVH gHullA primary-light btn-md button"
      onClick={[Function]}
      style={
        Object {
          "border": "none",
          "borderLeft": "1px solid white",
          "borderRadius": "0",
          "fontSize": "0.9500000000000001rem",
          "maxHeight": "80px",
          "maxWidth": "80px",
          "padding": "0.5850000000000001rem 1.125rem",
        }
      }
    >
      <img
        height={20}
        src={
          Object {
            "ReactComponent": Object {
              "$$typeof": Symbol(react.forward_ref),
              "render": [Function],
            },
            "__esModule": true,
            "default": "trash.svg",
          }
        }
      />
    </button>
  </div>
  <div
    className="sc-bqWxrE gbPZDU quantity-container"
  >
    <p
      className="price-tag"
      style={
        Object {
          "color": "#FCFBFB",
          "fontFamily": "Klepon Ijo",
          "fontSize": "3rem",
          "letterSpacing": "0",
        }
      }
    >
      1
       X
    </p>
  </div>
  <div
    className="sc-jrcTuL ggyCiw quantity-button"
  >
    <button
      onClick={[Function]}
    >
      <img
        height={14}
        src={
          Object {
            "ReactComponent": Object {
              "$$typeof": Symbol(react.forward_ref),
              "render": [Function],
            },
            "__esModule": true,
            "default": "arrow-up-active.svg",
          }
        }
      />
    </button>
    <button
      onClick={[Function]}
    >
      <img
        height={14}
        src={
          Object {
            "ReactComponent": Object {
              "$$typeof": Symbol(react.forward_ref),
              "render": [Function],
            },
            "__esModule": true,
            "default": "arrow-down-active.svg",
          }
        }
      />
    </button>
  </div>
  <img
    alt="Picture of Pinza Mare pizza"
    className="pizza-img"
    height="75px"
    src={
      Object {
        "ReactComponent": Object {
          "$$typeof": Symbol(react.forward_ref),
          "render": [Function],
        },
        "__esModule": true,
        "default": "pizza-63b2d3b592b7f0f1c7c567b8.svg",
      }
    }
  />
  <div
    className="sc-eDWCr geClNj description"
  >
    <h3
      className="card-title"
      style={
        Object {
          "color": "none",
          "fontFamily": "Klepon Ijo",
          "fontSize": "2rem",
          "fontWeight": "400",
          "letterSpacing": "2px",
          "lineHeight": "1.2",
          "textTransform": "uppercase",
        }
      }
    >
      Pinza Mare
    </h3>
    <h4
      className="card-subtitle"
      style={
        Object {
          "color": "none",
          "fontFamily": "Source Sans Pro",
          "fontSize": "0.9rem",
          "fontWeight": "400",
          "lineHeight": "1.6",
        }
      }
    >
      <span>
         
        shrimps
        , 
      </span>
      <span>
         
        red fish
        , 
      </span>
      <span>
         
        olives
        , 
      </span>
      <span>
         
        white sauce
        , 
      </span>
      <span>
         
        oregano
        , 
      </span>
      <span>
         
        basil
      </span>
    </h4>
  </div>
  <div
    className="sc-ksBlkl hWYqYS"
  >
    <p
      className="price-tag"
      style={
        Object {
          "color": "#EB853E",
          "fontFamily": "Klepon Ijo",
          "fontSize": "2.5500000000000003rem",
          "letterSpacing": "0",
        }
      }
    >
      26$
    </p>
  </div>
  <button
    className="sc-bcXHqe sc-pyfCe feNVH hIOFrL icon-button btn-lg button"
    onClick={[Function]}
    style={
      Object {
        "fontSize": "1.05rem",
        "padding": "0.65rem 1.25rem",
      }
    }
  >
    <img
      height={14}
      src={
        Object {
          "ReactComponent": Object {
            "$$typeof": Symbol(react.forward_ref),
            "render": [Function],
          },
          "__esModule": true,
          "default": "trash.svg",
        }
      }
    />
  </button>
</li>
`;
